
> vb-logiciel@0.1.0 build
> react-app-rewired build

node:internal/modules/cjs/loader:1459
  throw err;
  ^

Error: Cannot find module 'path-browserify'
Require stack:
- C:\Users\vbcoa\OneDrive\Documents\Antigravity\Application VB\vb-logiciel\config-overrides.js
- C:\Users\vbcoa\OneDrive\Documents\Antigravity\Application VB\vb-logiciel\node_modules\react-app-rewired\config-overrides.js
- C:\Users\vbcoa\OneDrive\Documents\Antigravity\Application VB\vb-logiciel\node_modules\react-app-rewired\overrides\paths.js
- C:\Users\vbcoa\OneDrive\Documents\Antigravity\Application VB\vb-logiciel\node_modules\react-app-rewired\scripts\build.js
    at Module._resolveFilename (node:internal/modules/cjs/loader:1456:15)
    at require.resolve (node:internal/modules/helpers:163:19)
    at Object.override [as webpack] (C:\Users\vbcoa\OneDrive\Documents\Antigravity\Application VB\vb-logiciel\config-overrides.js:11:21)
    at C:\Users\vbcoa\OneDrive\Documents\Antigravity\Application VB\vb-logiciel\node_modules\react-app-rewired\overrides\webpack.js:18:23
    at Object.<anonymous> (C:\Users\vbcoa\OneDrive\Documents\Antigravity\Application VB\vb-logiciel\node_modules\react-scripts\scripts\build.js:58:16)
    at Module._compile (node:internal/modules/cjs/loader:1812:14)
    at Object..js (node:internal/modules/cjs/loader:1943:10)
    at Module.load (node:internal/modules/cjs/loader:1533:32)
    at Module._load (node:internal/modules/cjs/loader:1335:12)
    at wrapModuleLoad (node:internal/modules/cjs/loader:255:19) {
  code: 'MODULE_NOT_FOUND',
  requireStack: [
    'C:\\Users\\vbcoa\\OneDrive\\Documents\\Antigravity\\Application VB\\vb-logiciel\\config-overrides.js',
    'C:\\Users\\vbcoa\\OneDrive\\Documents\\Antigravity\\Application VB\\vb-logiciel\\node_modules\\react-app-rewired\\config-overrides.js',
    'C:\\Users\\vbcoa\\OneDrive\\Documents\\Antigravity\\Application VB\\vb-logiciel\\node_modules\\react-app-rewired\\overrides\\paths.js',
    'C:\\Users\\vbcoa\\OneDrive\\Documents\\Antigravity\\Application VB\\vb-logiciel\\node_modules\\react-app-rewired\\scripts\\build.js'
  ]
}

Node.js v24.14.0
